// Vitest Snapshot v1, https://vitest.dev/guide/snapshot.html

exports[`ReadTemplates class > ReadTemplates args 1`] = `
[
  {
    "localConfig": {
      "generate": "generated/Pages/",
      "replaceNameFolder": false,
      "template": "templates/page",
    },
    "template": {
      "flag": {
        "name": [],
        "path": [],
        "template": [],
      },
      "names": [
        "Main",
        "Auth",
      ],
      "path": "",
      "templateName": "page",
    },
  },
]
`;
